nohup: ignoring input
Input Notebook:  notebooks/02_sft_training.ipynb
Output Notebook: output/papermill_notebooks/02_sft_training_granite-3.1-2b-instruct_DTF_top4_bge-small-en-v1.5_both_LoRA.ipynb
Working directory: notebooks
Executing notebook with kernel: python3
Executing Cell 1---------------------------------------
Ending Cell 1------------------------------------------
Executing Cell 2---------------------------------------
✅ Codebase mounted at: ../

Ending Cell 2------------------------------------------
Executing Cell 3---------------------------------------
Successfully logged into Hugging Face Hub!

Ending Cell 3------------------------------------------
Executing Cell 4---------------------------------------
Ending Cell 4------------------------------------------
Executing Cell 5---------------------------------------
⚠️ Unsloth NOT available! Falling back to standard Transformers + PEFT.

Ending Cell 5------------------------------------------
Executing Cell 6---------------------------------------
Compute dtype: torch.bfloat16

Ending Cell 6------------------------------------------
Executing Cell 7---------------------------------------
Ending Cell 7------------------------------------------
Executing Cell 8---------------------------------------

================ STARTING TRAINING FOR structOnly ==================
Loading dataset from ..//output/cache/train_filtered_top4_BAAI-bge-small-en-v1.5_structOnly.jsonl...

Loading ibm-granite/granite-3.1-2b-instruct with Transformers/PEFT 4-bit...

[transformers] `torch_dtype` is deprecated! Use `dtype` instead!

Loading weights:   0%|          | 0/362 [00:00<?, ?it/s]
/home/emmy/miniconda3/envs/mlbio_gpu/lib/python3.10/site-packages/bitsandbytes/backends/cuda/ops.py:213: FutureWarning: _check_is_size will be removed in a future PyTorch release along with guard_size_oblivious.     Use _check(i >= 0) instead.
  torch._check_is_size(blocksize)

[transformers] `logging_dir` is deprecated and will be removed in v5.2. Please set `TENSORBOARD_LOGGING_DIR` instead.

trainable params: 14,090,240 || all params: 2,547,621,888 || trainable%: 0.5531

<IPython.core.display.HTML object>
🧹 Cleared GPU cache after structOnly.
=================================================================


================ STARTING TRAINING FOR fullInfo ==================
Loading dataset from ..//output/cache/train_filtered_top4_BAAI-bge-small-en-v1.5_fullInfo.jsonl...

Generating train split: 0 examples [00:00, ? examples/s]
Generating val split: 0 examples [00:00, ? examples/s]
Map:   0%|          | 0/11446 [00:00<?, ? examples/s]
Map:   0%|          | 0/2020 [00:00<?, ? examples/s]
Loading ibm-granite/granite-3.1-2b-instruct with Transformers/PEFT 4-bit...

Loading weights:   0%|          | 0/362 [00:00<?, ?it/s]
/home/emmy/miniconda3/envs/mlbio_gpu/lib/python3.10/site-packages/bitsandbytes/backends/cuda/ops.py:213: FutureWarning: _check_is_size will be removed in a future PyTorch release along with guard_size_oblivious.     Use _check(i >= 0) instead.
  torch._check_is_size(blocksize)

[transformers] `logging_dir` is deprecated and will be removed in v5.2. Please set `TENSORBOARD_LOGGING_DIR` instead.

trainable params: 14,090,240 || all params: 2,547,621,888 || trainable%: 0.5531

Adding EOS to train dataset:   0%|          | 0/11446 [00:00<?, ? examples/s]
Tokenizing train dataset:   0%|          | 0/11446 [00:00<?, ? examples/s]
Truncating train dataset:   0%|          | 0/11446 [00:00<?, ? examples/s]
Adding EOS to eval dataset:   0%|          | 0/2020 [00:00<?, ? examples/s]
Tokenizing eval dataset:   0%|          | 0/2020 [00:00<?, ? examples/s]
Truncating eval dataset:   0%|          | 0/2020 [00:00<?, ? examples/s]
<IPython.core.display.HTML object>
🧹 Cleared GPU cache after fullInfo.
=================================================================


Ending Cell 8------------------------------------------
