nohup: ignoring input
Input Notebook:  notebooks/02_sft_training.ipynb
Output Notebook: output/papermill_notebooks/02_sft_training_Qwen2.5-32B-Instruct_fullInfo.ipynb
Working directory: notebooks
Executing notebook with kernel: python3
Executing Cell 1---------------------------------------
Ending Cell 1------------------------------------------
Executing Cell 2---------------------------------------
✅ Codebase mounted at: ../

Ending Cell 2------------------------------------------
Executing Cell 3---------------------------------------
Successfully logged into Hugging Face Hub!

Ending Cell 3------------------------------------------
Executing Cell 4---------------------------------------
Ending Cell 4------------------------------------------
Executing Cell 5---------------------------------------
Ending Cell 5------------------------------------------
Executing Cell 6---------------------------------------
Ending Cell 6------------------------------------------
Executing Cell 7---------------------------------------
Targeting compute data type: torch.bfloat16

[transformers] `torch_dtype` is deprecated! Use `dtype` instead!

Loading weights:   0%|          | 0/771 [00:00<?, ?it/s]
/home/emmy/miniconda3/envs/mlbio_gpu/lib/python3.10/site-packages/bitsandbytes/backends/cuda/ops.py:212: FutureWarning: _check_is_size will be removed in a future PyTorch release along with guard_size_oblivious.     Use _check(i >= 0) instead.
  torch._check_is_size(blocksize)

Ending Cell 7------------------------------------------
Executing Cell 8---------------------------------------
Ending Cell 8------------------------------------------
Executing Cell 9---------------------------------------
trainable params: 134,217,728 || all params: 32,898,094,080 || trainable%: 0.4080

Ending Cell 9------------------------------------------
Executing Cell 10--------------------------------------
Ending Cell 10-----------------------------------------
Executing Cell 11--------------------------------------
Ending Cell 11-----------------------------------------
Executing Cell 12--------------------------------------
Ending Cell 12-----------------------------------------
Executing Cell 13--------------------------------------
[transformers] The tokenizer has new PAD/BOS/EOS tokens that differ from the model config and generation config. The model config and generation config were aligned accordingly, being updated with the tokenizer's values. Updated tokens: {'bos_token_id': None, 'pad_token_id': 151645}.

<IPython.core.display.HTML object>
Ending Cell 13-----------------------------------------
