nohup: ignoring input
Input Notebook:  notebooks/02_sft_training.ipynb
Output Notebook: output/papermill_notebooks/02_sft_training_granite-3.3-8b-instruct_both_LoRA.ipynb
Working directory: notebooks
Executing notebook with kernel: python3
Executing Cell 1---------------------------------------
Ending Cell 1------------------------------------------
Executing Cell 2---------------------------------------
✅ Codebase mounted at: ../

Ending Cell 2------------------------------------------
Executing Cell 3---------------------------------------
Successfully logged into Hugging Face Hub!

Ending Cell 3------------------------------------------
Executing Cell 4---------------------------------------
Ending Cell 4------------------------------------------
Executing Cell 5---------------------------------------
Ending Cell 5------------------------------------------
Traceback (most recent call last):
  File "/home/emmy/miniconda3/envs/mlbio_gpu/bin/papermill", line 10, in <module>
    sys.exit(papermill())
  File "/home/emmy/miniconda3/envs/mlbio_gpu/lib/python3.10/site-packages/click/core.py", line 1524, in __call__
    return self.main(*args, **kwargs)
  File "/home/emmy/miniconda3/envs/mlbio_gpu/lib/python3.10/site-packages/click/core.py", line 1445, in main
    rv = self.invoke(ctx)
  File "/home/emmy/miniconda3/envs/mlbio_gpu/lib/python3.10/site-packages/click/core.py", line 1308, in invoke
    return ctx.invoke(self.callback, **ctx.params)
  File "/home/emmy/miniconda3/envs/mlbio_gpu/lib/python3.10/site-packages/click/core.py", line 877, in invoke
    return callback(*args, **kwargs)
  File "/home/emmy/miniconda3/envs/mlbio_gpu/lib/python3.10/site-packages/click/decorators.py", line 34, in new_func
    return f(get_current_context(), *args, **kwargs)
  File "/home/emmy/miniconda3/envs/mlbio_gpu/lib/python3.10/site-packages/papermill/cli.py", line 235, in papermill
    execute_notebook(
  File "/home/emmy/miniconda3/envs/mlbio_gpu/lib/python3.10/site-packages/papermill/execute.py", line 131, in execute_notebook
    raise_for_execution_errors(nb, output_path)
  File "/home/emmy/miniconda3/envs/mlbio_gpu/lib/python3.10/site-packages/papermill/execute.py", line 251, in raise_for_execution_errors
    raise error
papermill.exceptions.PapermillExecutionError: 
---------------------------------------------------------------------------
Exception encountered at "In [5]":
---------------------------------------------------------------------------
ModuleNotFoundError                       Traceback (most recent call last)
Cell In[5], line 5
      3 import os
      4 import torch
----> 5 from unsloth import FastLanguageModel, is_bfloat16_supported
      6 from datasets import load_dataset
      7 from transformers import AutoTokenizer, EarlyStoppingCallback

ModuleNotFoundError: No module named 'unsloth'

